node_modules/gaxios/build/cjs/src/gaxios.d.ts(16,5): error TS18028: Private identifiers are only available when targeting ECMAScript 2015 and higher.
node_modules/google-auth-library/build/src/auth/awsclient.d.ts(83,5): error TS18028: Private identifiers are only available when targeting ECMAScript 2015 and higher.
node_modules/google-auth-library/build/src/auth/baseexternalclient.d.ts(173,5): error TS18028: Private identifiers are only available when targeting ECMAScript 2015 and higher.
node_modules/google-auth-library/build/src/auth/googleauth.d.ts(159,5): error TS18028: Private identifiers are only available when targeting ECMAScript 2015 and higher.
node_modules/google-auth-library/build/src/auth/oauth2common.d.ts(50,5): error TS18028: Private identifiers are only available when targeting ECMAScript 2015 and higher.
node_modules/google-auth-library/build/src/auth/stscredentials.d.ts(99,5): error TS18028: Private identifiers are only available when targeting ECMAScript 2015 and higher.
node_modules/google-auth-library/build/src/util.d.ts(125,5): error TS18028: Private identifiers are only available when targeting ECMAScript 2015 and higher.
node_modules/react-paystack/dist/paystack-button.d.ts(11,128): error TS2503: Cannot find namespace 'JSX'.
node_modules/react-paystack/dist/paystack-consumer.d.ts(1,8): error TS1259: Module '"C:/Users/NUTM Admin/Desktop/latest-paradise-hub/node_modules/@types/react/index"' can only be default-imported using the 'esModuleInterop' flag
src/App.tsx(4,20): error TS6142: Module './components/Navbar' was resolved to 'C:/Users/NUTM Admin/Desktop/latest-paradise-hub/src/components/Navbar.tsx', but '--jsx' is not set.
src/App.tsx(5,18): error TS6142: Module './components/Hero' was resolved to 'C:/Users/NUTM Admin/Desktop/latest-paradise-hub/src/components/Hero.tsx', but '--jsx' is not set.
src/App.tsx(6,24): error TS6142: Module './components/CourseList' was resolved to 'C:/Users/NUTM Admin/Desktop/latest-paradise-hub/src/components/CourseList.tsx', but '--jsx' is not set.
src/App.tsx(7,25): error TS6142: Module './components/Leaderboard' was resolved to 'C:/Users/NUTM Admin/Desktop/latest-paradise-hub/src/components/Leaderboard.tsx', but '--jsx' is not set.
src/App.tsx(8,38): error TS6142: Module './components/Testimonials' was resolved to 'C:/Users/NUTM Admin/Desktop/latest-paradise-hub/src/components/Testimonials.tsx', but '--jsx' is not set.
src/App.tsx(9,22): error TS6142: Module './components/AuthPage' was resolved to 'C:/Users/NUTM Admin/Desktop/latest-paradise-hub/src/components/AuthPage.tsx', but '--jsx' is not set.
src/App.tsx(10,23): error TS6142: Module './components/Dashboard' was resolved to 'C:/Users/NUTM Admin/Desktop/latest-paradise-hub/src/components/Dashboard.tsx', but '--jsx' is not set.
src/App.tsx(11,25): error TS6142: Module './components/ProfilePage' was resolved to 'C:/Users/NUTM Admin/Desktop/latest-paradise-hub/src/components/ProfilePage.tsx', but '--jsx' is not set.
src/App.tsx(12,27): error TS6142: Module './components/CourseDetails' was resolved to 'C:/Users/NUTM Admin/Desktop/latest-paradise-hub/src/components/CourseDetails.tsx', but '--jsx' is not set.
src/App.tsx(13,25): error TS6142: Module './components/AllPrograms' was resolved to 'C:/Users/NUTM Admin/Desktop/latest-paradise-hub/src/components/AllPrograms.tsx', but '--jsx' is not set.
src/App.tsx(14,24): error TS6142: Module './components/MyLearning' was resolved to 'C:/Users/NUTM Admin/Desktop/latest-paradise-hub/src/components/MyLearning.tsx', but '--jsx' is not set.
src/App.tsx(15,26): error TS6142: Module './components/CoursePlayer' was resolved to 'C:/Users/NUTM Admin/Desktop/latest-paradise-hub/src/components/CoursePlayer.tsx', but '--jsx' is not set.
src/App.tsx(16,25): error TS6142: Module './components/RewardsPage' was resolved to 'C:/Users/NUTM Admin/Desktop/latest-paradise-hub/src/components/RewardsPage.tsx', but '--jsx' is not set.
src/App.tsx(17,25): error TS6142: Module './components/SupportPage' was resolved to 'C:/Users/NUTM Admin/Desktop/latest-paradise-hub/src/components/SupportPage.tsx', but '--jsx' is not set.
src/App.tsx(18,26): error TS6142: Module './components/CommunityHub' was resolved to 'C:/Users/NUTM Admin/Desktop/latest-paradise-hub/src/components/CommunityHub.tsx', but '--jsx' is not set.
src/App.tsx(37,21): error TS17004: Cannot use JSX unless the '--jsx' flag is provided.
src/App.tsx(365,9): error TS17004: Cannot use JSX unless the '--jsx' flag is provided.
src/App.tsx(367,11): error TS17004: Cannot use JSX unless the '--jsx' flag is provided.
src/App.tsx(372,11): error TS17004: Cannot use JSX unless the '--jsx' flag is provided.
src/App.tsx(378,11): error TS17004: Cannot use JSX unless the '--jsx' flag is provided.
src/App.tsx(398,11): error TS17004: Cannot use JSX unless the '--jsx' flag is provided.
src/App.tsx(399,13): error TS17004: Cannot use JSX unless the '--jsx' flag is provided.
src/App.tsx(401,13): error TS17004: Cannot use JSX unless the '--jsx' flag is provided.
src/App.tsx(411,13): error TS17004: Cannot use JSX unless the '--jsx' flag is provided.
src/App.tsx(417,15): error TS17004: Cannot use JSX unless the '--jsx' flag is provided.
src/App.tsx(426,11): error TS17004: Cannot use JSX unless the '--jsx' flag is provided.
src/App.tsx(457,9): error TS17004: Cannot use JSX unless the '--jsx' flag is provided.
src/App.tsx(458,11): error TS17004: Cannot use JSX unless the '--jsx' flag is provided.
src/App.tsx(469,9): error TS17004: Cannot use JSX unless the '--jsx' flag is provided.
src/App.tsx(470,11): error TS17004: Cannot use JSX unless the '--jsx' flag is provided.
src/App.tsx(485,9): error TS17004: Cannot use JSX unless the '--jsx' flag is provided.
src/App.tsx(486,11): error TS17004: Cannot use JSX unless the '--jsx' flag is provided.
src/App.tsx(496,9): error TS17004: Cannot use JSX unless the '--jsx' flag is provided.
src/App.tsx(497,11): error TS17004: Cannot use JSX unless the '--jsx' flag is provided.
src/App.tsx(529,9): error TS17004: Cannot use JSX unless the '--jsx' flag is provided.
src/App.tsx(530,11): error TS17004: Cannot use JSX unless the '--jsx' flag is provided.
src/App.tsx(550,9): error TS17004: Cannot use JSX unless the '--jsx' flag is provided.
src/App.tsx(551,11): error TS17004: Cannot use JSX unless the '--jsx' flag is provided.
src/App.tsx(581,9): error TS17004: Cannot use JSX unless the '--jsx' flag is provided.
src/App.tsx(582,11): error TS17004: Cannot use JSX unless the '--jsx' flag is provided.
src/App.tsx(605,9): error TS17004: Cannot use JSX unless the '--jsx' flag is provided.
src/App.tsx(606,11): error TS17004: Cannot use JSX unless the '--jsx' flag is provided.
src/App.tsx(619,7): error TS17004: Cannot use JSX unless the '--jsx' flag is provided.
src/App.tsx(666,5): error TS17004: Cannot use JSX unless the '--jsx' flag is provided.
src/App.tsx(668,7): error TS17004: Cannot use JSX unless the '--jsx' flag is provided.
src/App.tsx(673,7): error TS17004: Cannot use JSX unless the '--jsx' flag is provided.
src/App.tsx(679,7): error TS17004: Cannot use JSX unless the '--jsx' flag is provided.
src/App.tsx(713,7): error TS17004: Cannot use JSX unless the '--jsx' flag is provided.
src/App.tsx(715,11): error TS17004: Cannot use JSX unless the '--jsx' flag is provided.
src/App.tsx(721,13): error TS17004: Cannot use JSX unless the '--jsx' flag is provided.
src/App.tsx(733,7): error TS17004: Cannot use JSX unless the '--jsx' flag is provided.
src/App.tsx(734,9): error TS17004: Cannot use JSX unless the '--jsx' flag is provided.
src/App.tsx(736,9): error TS17004: Cannot use JSX unless the '--jsx' flag is provided.
src/App.tsx(748,9): error TS17004: Cannot use JSX unless the '--jsx' flag is provided.
src/App.tsx(754,11): error TS17004: Cannot use JSX unless the '--jsx' flag is provided.
src/App.tsx(761,7): error TS17004: Cannot use JSX unless the '--jsx' flag is provided.
src/App.tsx(784,7): error TS17004: Cannot use JSX unless the '--jsx' flag is provided.
src/App.tsx(789,9): error TS17004: Cannot use JSX unless the '--jsx' flag is provided.
src/App.tsx(789,187): error TS17004: Cannot use JSX unless the '--jsx' flag is provided.
src/App.tsx(789,229): error TS17004: Cannot use JSX unless the '--jsx' flag is provided.
src/App.tsx(789,250): error TS17004: Cannot use JSX unless the '--jsx' flag is provided.
src/App.tsx(789,272): error TS17004: Cannot use JSX unless the '--jsx' flag is provided.
src/components/CourseDetails.tsx(23,23): error TS6142: Module './BrandLogo' was resolved to 'C:/Users/NUTM Admin/Desktop/latest-paradise-hub/src/components/BrandLogo.tsx', but '--jsx' is not set.
src/components/CourseDetails.tsx(24,24): error TS6142: Module './PageFooter' was resolved to 'C:/Users/NUTM Admin/Desktop/latest-paradise-hub/src/components/PageFooter.tsx', but '--jsx' is not set.
src/components/CourseDetails.tsx(25,20): error TS2307: Cannot find module '@/src/lib/utils' or its corresponding type declarations.
src/components/CourseDetails.tsx(26,51): error TS2307: Cannot find module '@/src/lib/profileCompletion' or its corresponding type declarations.
src/components/CourseDetails.tsx(90,5): error TS17004: Cannot use JSX unless the '--jsx' flag is provided.
src/components/CourseDetails.tsx(95,7): error TS17004: Cannot use JSX unless the '--jsx' flag is provided.
src/components/CourseDetails.tsx(99,9): error TS17004: Cannot use JSX unless the '--jsx' flag is provided.
src/components/CourseDetails.tsx(100,11): error TS17004: Cannot use JSX unless the '--jsx' flag is provided.
src/components/CourseDetails.tsx(101,13): error TS17004: Cannot use JSX unless the '--jsx' flag is provided.
src/components/CourseDetails.tsx(102,13): error TS17004: Cannot use JSX unless the '--jsx' flag is provided.
src/components/CourseDetails.tsx(103,24): error TS17004: Cannot use JSX unless the '--jsx' flag is provided.
src/components/CourseDetails.tsx(108,9): error TS17004: Cannot use JSX unless the '--jsx' flag is provided.
src/components/CourseDetails.tsx(109,11): error TS17004: Cannot use JSX unless the '--jsx' flag is provided.
src/components/CourseDetails.tsx(110,13): error TS17004: Cannot use JSX unless the '--jsx' flag is provided.
src/components/CourseDetails.tsx(111,13): error TS17004: Cannot use JSX unless the '--jsx' flag is provided.
src/components/CourseDetails.tsx(113,11): error TS17004: Cannot use JSX unless the '--jsx' flag is provided.
src/components/CourseDetails.tsx(121,13): error TS17004: Cannot use JSX unless the '--jsx' flag is provided.
src/components/CourseDetails.tsx(122,13): error TS17004: Cannot use JSX unless the '--jsx' flag is provided.
src/components/CourseDetails.tsx(124,11): error TS17004: Cannot use JSX unless the '--jsx' flag is provided.
src/components/CourseDetails.tsx(125,13): error TS17004: Cannot use JSX unless the '--jsx' flag is provided.
src/components/CourseDetails.tsx(133,15): error TS17004: Cannot use JSX unless the '--jsx' flag is provided.
src/components/CourseDetails.tsx(136,13): error TS17004: Cannot use JSX unless the '--jsx' flag is provided.
src/components/CourseDetails.tsx(138,17): error TS17004: Cannot use JSX unless the '--jsx' flag is provided.
src/components/CourseDetails.tsx(139,19): error TS17004: Cannot use JSX unless the '--jsx' flag is provided.
src/components/CourseDetails.tsx(143,19): error TS17004: Cannot use JSX unless the '--jsx' flag is provided.
src/components/CourseDetails.tsx(150,21): error TS17004: Cannot use JSX unless the '--jsx' flag is provided.
src/components/CourseDetails.tsx(151,21): error TS17004: Cannot use JSX unless the '--jsx' flag is provided.
src/components/CourseDetails.tsx(152,23): error TS17004: Cannot use JSX unless the '--jsx' flag is provided.
src/components/CourseDetails.tsx(159,25): error TS17004: Cannot use JSX unless the '--jsx' flag is provided.
src/components/CourseDetails.tsx(160,27): error TS17004: Cannot use JSX unless the '--jsx' flag is provided.
src/components/CourseDetails.tsx(162,25): error TS17004: Cannot use JSX unless the '--jsx' flag is provided.
src/components/CourseDetails.tsx(164,23): error TS17004: Cannot use JSX unless the '--jsx' flag is provided.
src/components/CourseDetails.tsx(171,25): error TS17004: Cannot use JSX unless the '--jsx' flag is provided.
src/components/CourseDetails.tsx(172,27): error TS17004: Cannot use JSX unless the '--jsx' flag is provided.
src/components/CourseDetails.tsx(174,25): error TS17004: Cannot use JSX unless the '--jsx' flag is provided.
src/components/CourseDetails.tsx(176,23): error TS17004: Cannot use JSX unless the '--jsx' flag is provided.
src/components/CourseDetails.tsx(183,25): error TS17004: Cannot use JSX unless the '--jsx' flag is provided.
src/components/CourseDetails.tsx(184,27): error TS17004: Cannot use JSX unless the '--jsx' flag is provided.
src/components/CourseDetails.tsx(186,25): error TS17004: Cannot use JSX unless the '--jsx' flag is provided.
src/components/CourseDetails.tsx(194,11): error TS17004: Cannot use JSX unless the '--jsx' flag is provided.
src/components/CourseDetails.tsx(195,13): error TS17004: Cannot use JSX unless the '--jsx' flag is provided.
src/components/CourseDetails.tsx(203,15): error TS17004: Cannot use JSX unless the '--jsx' flag is provided.
src/components/CourseDetails.tsx(205,19): error TS17004: Cannot use JSX unless the '--jsx' flag is provided.
src/components/CourseDetails.tsx(210,15): error TS17004: Cannot use JSX unless the '--jsx' flag is provided.
src/components/CourseDetails.tsx(211,17): error TS17004: Cannot use JSX unless the '--jsx' flag is provided.
src/components/CourseDetails.tsx(212,17): error TS17004: Cannot use JSX unless the '--jsx' flag is provided.
src/components/CourseDetails.tsx(217,13): error TS17004: Cannot use JSX unless the '--jsx' flag is provided.
src/components/CourseDetails.tsx(219,17): error TS17004: Cannot use JSX unless the '--jsx' flag is provided.
src/components/CourseDetails.tsx(220,19): error TS17004: Cannot use JSX unless the '--jsx' flag is provided.
src/components/CourseDetails.tsx(224,19): error TS17004: Cannot use JSX unless the '--jsx' flag is provided.
src/components/CourseDetails.tsx(235,21): error TS17004: Cannot use JSX unless the '--jsx' flag is provided.
src/components/CourseDetails.tsx(239,23): error TS17004: Cannot use JSX unless the '--jsx' flag is provided.
src/components/CourseDetails.tsx(240,25): error TS17004: Cannot use JSX unless the '--jsx' flag is provided.
src/components/CourseDetails.tsx(244,27): error TS17004: Cannot use JSX unless the '--jsx' flag is provided.
src/components/CourseDetails.tsx(249,25): error TS17004: Cannot use JSX unless the '--jsx' flag is provided.
src/components/CourseDetails.tsx(253,21): error TS17004: Cannot use JSX unless the '--jsx' flag is provided.
src/components/CourseDetails.tsx(255,21): error TS17004: Cannot use JSX unless the '--jsx' flag is provided.
src/components/CourseDetails.tsx(265,25): error TS17004: Cannot use JSX unless the '--jsx' flag is provided.
src/components/CourseDetails.tsx(266,25): error TS17004: Cannot use JSX unless the '--jsx' flag is provided.
src/components/CourseDetails.tsx(269,23): error TS17004: Cannot use JSX unless the '--jsx' flag is provided.
src/components/CourseDetails.tsx(279,25): error TS17004: Cannot use JSX unless the '--jsx' flag is provided.
src/components/CourseDetails.tsx(280,25): error TS17004: Cannot use JSX unless the '--jsx' flag is provided.
src/components/CourseDetails.tsx(283,23): error TS17004: Cannot use JSX unless the '--jsx' flag is provided.
src/components/CourseDetails.tsx(293,25): error TS17004: Cannot use JSX unless the '--jsx' flag is provided.
src/components/CourseDetails.tsx(294,25): error TS17004: Cannot use JSX unless the '--jsx' flag is provided.
src/components/CourseDetails.tsx(297,23): error TS17004: Cannot use JSX unless the '--jsx' flag is provided.
src/components/CourseDetails.tsx(299,23): error TS17004: Cannot use JSX unless the '--jsx' flag is provided.
src/components/CourseDetails.tsx(309,23): error TS17004: Cannot use JSX unless the '--jsx' flag is provided.
src/components/CourseDetails.tsx(310,23): error TS17004: Cannot use JSX unless the '--jsx' flag is provided.
src/components/CourseDetails.tsx(313,21): error TS17004: Cannot use JSX unless the '--jsx' flag is provided.
src/components/CourseDetails.tsx(315,21): error TS17004: Cannot use JSX unless the '--jsx' flag is provided.
src/components/CourseDetails.tsx(322,23): error TS17004: Cannot use JSX unless the '--jsx' flag is provided.
src/components/CourseDetails.tsx(323,23): error TS17004: Cannot use JSX unless the '--jsx' flag is provided.
src/components/CourseDetails.tsx(334,7): error TS17004: Cannot use JSX unless the '--jsx' flag is provided.
src/components/CourseDetails.tsx(336,11): error TS17004: Cannot use JSX unless the '--jsx' flag is provided.
src/components/CourseDetails.tsx(337,13): error TS17004: Cannot use JSX unless the '--jsx' flag is provided.
src/components/CourseDetails.tsx(341,13): error TS17004: Cannot use JSX unless the '--jsx' flag is provided.
src/components/CourseDetails.tsx(348,15): error TS17004: Cannot use JSX unless the '--jsx' flag is provided.
src/components/CourseDetails.tsx(349,17): error TS17004: Cannot use JSX unless the '--jsx' flag is provided.
src/components/CourseDetails.tsx(350,17): error TS17004: Cannot use JSX unless the '--jsx' flag is provided.
src/components/CourseDetails.tsx(352,15): error TS17004: Cannot use JSX unless the '--jsx' flag is provided.
src/components/CourseDetails.tsx(353,17): error TS17004: Cannot use JSX unless the '--jsx' flag is provided.
src/components/CourseDetails.tsx(354,19): error TS17004: Cannot use JSX unless the '--jsx' flag is provided.
src/components/CourseDetails.tsx(356,17): error TS17004: Cannot use JSX unless the '--jsx' flag is provided.
src/components/CourseDetails.tsx(364,7): error TS17004: Cannot use JSX unless the '--jsx' flag is provided.
src/components/CourseDetails.tsx(366,11): error TS17004: Cannot use JSX unless the '--jsx' flag is provided.
src/components/CourseDetails.tsx(367,13): error TS17004: Cannot use JSX unless the '--jsx' flag is provided.
src/components/CourseDetails.tsx(371,13): error TS17004: Cannot use JSX unless the '--jsx' flag is provided.
src/components/CourseDetails.tsx(378,15): error TS17004: Cannot use JSX unless the '--jsx' flag is provided.
src/components/CourseDetails.tsx(379,17): error TS17004: Cannot use JSX unless the '--jsx' flag is provided.
src/components/CourseDetails.tsx(386,19): error TS17004: Cannot use JSX unless the '--jsx' flag is provided.
src/components/CourseDetails.tsx(387,21): error TS17004: Cannot use JSX unless the '--jsx' flag is provided.
src/components/CourseDetails.tsx(389,19): error TS17004: Cannot use JSX unless the '--jsx' flag is provided.
src/components/CourseDetails.tsx(391,17): error TS17004: Cannot use JSX unless the '--jsx' flag is provided.
src/components/CourseDetails.tsx(398,19): error TS17004: Cannot use JSX unless the '--jsx' flag is provided.
src/components/CourseDetails.tsx(399,21): error TS17004: Cannot use JSX unless the '--jsx' flag is provided.
src/components/CourseDetails.tsx(401,19): error TS17004: Cannot use JSX unless the '--jsx' flag is provided.
src/components/CourseDetails.tsx(410,7): error TS17004: Cannot use JSX unless the '--jsx' flag is provided.
src/components/CourseDetails.tsx(411,9): error TS17004: Cannot use JSX unless the '--jsx' flag is provided.
src/components/CourseDetails.tsx(412,11): error TS17004: Cannot use JSX unless the '--jsx' flag is provided.
src/components/CourseDetails.tsx(413,11): error TS17004: Cannot use JSX unless the '--jsx' flag is provided.
src/components/CourseDetails.tsx(416,9): error TS17004: Cannot use JSX unless the '--jsx' flag is provided.
src/components/CourseDetails.tsx(417,11): error TS17004: Cannot use JSX unless the '--jsx' flag is provided.
src/components/CourseDetails.tsx(422,13): error TS17004: Cannot use JSX unless the '--jsx' flag is provided.
src/components/CourseDetails.tsx(425,13): error TS17004: Cannot use JSX unless the '--jsx' flag is provided.
src/components/CourseDetails.tsx(433,7): error TS17004: Cannot use JSX unless the '--jsx' flag is provided.
src/components/CourseDetails.tsx(434,9): error TS17004: Cannot use JSX unless the '--jsx' flag is provided.
src/components/CourseDetails.tsx(435,11): error TS17004: Cannot use JSX unless the '--jsx' flag is provided.
src/components/CourseDetails.tsx(436,13): error TS17004: Cannot use JSX unless the '--jsx' flag is provided.
src/components/CourseDetails.tsx(437,15): error TS17004: Cannot use JSX unless the '--jsx' flag is provided.
src/components/CourseDetails.tsx(438,15): error TS17004: Cannot use JSX unless the '--jsx' flag is provided.
src/components/CourseDetails.tsx(440,13): error TS17004: Cannot use JSX unless the '--jsx' flag is provided.
src/components/CourseDetails.tsx(441,15): error TS17004: Cannot use JSX unless the '--jsx' flag is provided.
src/components/CourseDetails.tsx(442,15): error TS17004: Cannot use JSX unless the '--jsx' flag is provided.
src/components/CourseDetails.tsx(444,13): error TS17004: Cannot use JSX unless the '--jsx' flag is provided.
src/components/CourseDetails.tsx(445,15): error TS17004: Cannot use JSX unless the '--jsx' flag is provided.
src/components/CourseDetails.tsx(446,15): error TS17004: Cannot use JSX unless the '--jsx' flag is provided.
src/components/CourseDetails.tsx(448,13): error TS17004: Cannot use JSX unless the '--jsx' flag is provided.
src/components/CourseDetails.tsx(449,15): error TS17004: Cannot use JSX unless the '--jsx' flag is provided.
src/components/CourseDetails.tsx(450,15): error TS17004: Cannot use JSX unless the '--jsx' flag is provided.
src/components/CourseDetails.tsx(457,7): error TS17004: Cannot use JSX unless the '--jsx' flag is provided.
src/components/CourseDetails.tsx(458,9): error TS17004: Cannot use JSX unless the '--jsx' flag is provided.
src/components/CourseDetails.tsx(460,11): error TS17004: Cannot use JSX unless the '--jsx' flag is provided.
src/components/CourseDetails.tsx(461,13): error TS17004: Cannot use JSX unless the '--jsx' flag is provided.
src/components/CourseDetails.tsx(462,15): error TS17004: Cannot use JSX unless the '--jsx' flag is provided.
src/components/CourseDetails.tsx(465,15): error TS17004: Cannot use JSX unless the '--jsx' flag is provided.
src/components/CourseDetails.tsx(466,17): error TS17004: Cannot use JSX unless the '--jsx' flag is provided.
src/components/CourseDetails.tsx(467,17): error TS17004: Cannot use JSX unless the '--jsx' flag is provided.
src/components/CourseDetails.tsx(471,13): error TS17004: Cannot use JSX unless the '--jsx' flag is provided.
src/components/CourseDetails.tsx(472,15): error TS17004: Cannot use JSX unless the '--jsx' flag is provided.
src/components/CourseDetails.tsx(473,15): error TS17004: Cannot use JSX unless the '--jsx' flag is provided.
src/components/CourseDetails.tsx(475,19): error TS17004: Cannot use JSX unless the '--jsx' flag is provided.
src/components/CourseDetails.tsx(476,21): error TS17004: Cannot use JSX unless the '--jsx' flag is provided.
src/components/CourseDetails.tsx(477,23): error TS17004: Cannot use JSX unless the '--jsx' flag is provided.
src/components/CourseDetails.tsx(479,21): error TS17004: Cannot use JSX unless the '--jsx' flag is provided.
src/components/CourseDetails.tsx(480,23): error TS17004: Cannot use JSX unless the '--jsx' flag is provided.
src/components/CourseDetails.tsx(481,25): error TS17004: Cannot use JSX unless the '--jsx' flag is provided.
src/components/CourseDetails.tsx(484,25): error TS17004: Cannot use JSX unless the '--jsx' flag is provided.
src/components/CourseDetails.tsx(485,27): error TS17004: Cannot use JSX unless the '--jsx' flag is provided.
src/components/CourseDetails.tsx(486,27): error TS17004: Cannot use JSX unless the '--jsx' flag is provided.
src/components/CourseDetails.tsx(489,23): error TS17004: Cannot use JSX unless the '--jsx' flag is provided.
src/components/CourseDetails.tsx(492,23): error TS17004: Cannot use JSX unless the '--jsx' flag is provided.
src/components/CourseDetails.tsx(493,25): error TS17004: Cannot use JSX unless the '--jsx' flag is provided.
src/components/CourseDetails.tsx(494,27): error TS17004: Cannot use JSX unless the '--jsx' flag is provided.
src/components/CourseDetails.tsx(497,25): error TS17004: Cannot use JSX unless the '--jsx' flag is provided.
src/components/CourseDetails.tsx(498,25): error TS17004: Cannot use JSX unless the '--jsx' flag is provided.
src/components/CourseDetails.tsx(499,27): error TS17004: Cannot use JSX unless the '--jsx' flag is provided.
src/components/CourseDetails.tsx(511,11): error TS17004: Cannot use JSX unless the '--jsx' flag is provided.
src/components/CourseDetails.tsx(512,13): error TS17004: Cannot use JSX unless the '--jsx' flag is provided.
src/components/CourseDetails.tsx(514,15): error TS17004: Cannot use JSX unless the '--jsx' flag is provided.
src/components/CourseDetails.tsx(515,17): error TS17004: Cannot use JSX unless the '--jsx' flag is provided.
src/components/CourseDetails.tsx(520,17): error TS17004: Cannot use JSX unless the '--jsx' flag is provided.
src/components/CourseDetails.tsx(521,19): error TS17004: Cannot use JSX unless the '--jsx' flag is provided.
src/components/CourseDetails.tsx(522,21): error TS17004: Cannot use JSX unless the '--jsx' flag is provided.
src/components/CourseDetails.tsx(527,15): error TS17004: Cannot use JSX unless the '--jsx' flag is provided.
src/components/CourseDetails.tsx(528,17): error TS17004: Cannot use JSX unless the '--jsx' flag is provided.
src/components/CourseDetails.tsx(529,17): error TS17004: Cannot use JSX unless the '--jsx' flag is provided.
src/components/CourseDetails.tsx(531,21): error TS17004: Cannot use JSX unless the '--jsx' flag is provided.
src/components/CourseDetails.tsx(532,23): error TS17004: Cannot use JSX unless the '--jsx' flag is provided.
src/components/CourseDetails.tsx(533,23): error TS17004: Cannot use JSX unless the '--jsx' flag is provided.
src/components/CourseDetails.tsx(539,19): error TS17004: Cannot use JSX unless the '--jsx' flag is provided.
src/components/CourseDetails.tsx(540,21): error TS17004: Cannot use JSX unless the '--jsx' flag is provided.
src/components/CourseDetails.tsx(548,19): error TS17004: Cannot use JSX unless the '--jsx' flag is provided.
src/components/CourseDetails.tsx(556,17): error TS17004: Cannot use JSX unless the '--jsx' flag is provided.
src/components/CourseDetails.tsx(561,19): error TS17004: Cannot use JSX unless the '--jsx' flag is provided.
src/components/CourseDetails.tsx(569,7): error TS17004: Cannot use JSX unless the '--jsx' flag is provided.
src/components/Dashboard.tsx(29,23): error TS6142: Module './BrandLogo' was resolved to 'C:/Users/NUTM Admin/Desktop/latest-paradise-hub/src/components/BrandLogo.tsx', but '--jsx' is not set.
src/components/Dashboard.tsx(30,24): error TS6142: Module './PageFooter' was resolved to 'C:/Users/NUTM Admin/Desktop/latest-paradise-hub/src/components/PageFooter.tsx', but '--jsx' is not set.
src/components/Dashboard.tsx(31,20): error TS2307: Cannot find module '@/src/lib/utils' or its corresponding type declarations.
src/components/Dashboard.tsx(32,77): error TS2307: Cannot find module '@/src/lib/profileCompletion' or its corresponding type declarations.
src/components/Dashboard.tsx(118,36): error TS17004: Cannot use JSX unless the '--jsx' flag is provided.
src/components/Dashboard.tsx(119,43): error TS17004: Cannot use JSX unless the '--jsx' flag is provided.
src/components/Dashboard.tsx(120,34): error TS17004: Cannot use JSX unless the '--jsx' flag is provided.
src/components/Dashboard.tsx(121,35): error TS17004: Cannot use JSX unless the '--jsx' flag is provided.
src/components/Dashboard.tsx(145,11): error TS17004: Cannot use JSX unless the '--jsx' flag is provided.
src/components/Dashboard.tsx(198,5): error TS17004: Cannot use JSX unless the '--jsx' flag is provided.
src/components/Dashboard.tsx(203,7): error TS17004: Cannot use JSX unless the '--jsx' flag is provided.
src/components/Dashboard.tsx(204,9): error TS17004: Cannot use JSX unless the '--jsx' flag is provided.
src/components/Dashboard.tsx(205,11): error TS17004: Cannot use JSX unless the '--jsx' flag is provided.
src/components/Dashboard.tsx(206,13): error TS17004: Cannot use JSX unless the '--jsx' flag is provided.
src/components/Dashboard.tsx(207,15): error TS17004: Cannot use JSX unless the '--jsx' flag is provided.
src/components/Dashboard.tsx(208,15): error TS17004: Cannot use JSX unless the '--jsx' flag is provided.
src/components/Dashboard.tsx(209,26): error TS17004: Cannot use JSX unless the '--jsx' flag is provided.
src/components/Dashboard.tsx(213,13): error TS17004: Cannot use JSX unless the '--jsx' flag is provided.
src/components/Dashboard.tsx(214,15): error TS17004: Cannot use JSX unless the '--jsx' flag is provided.
src/components/Dashboard.tsx(215,15): error TS17004: Cannot use JSX unless the '--jsx' flag is provided.
src/components/Dashboard.tsx(223,11): error TS17004: Cannot use JSX unless the '--jsx' flag is provided.
src/components/Dashboard.tsx(224,11): error TS17004: Cannot use JSX unless the '--jsx' flag is provided.
src/components/Dashboard.tsx(225,15): error TS17004: Cannot use JSX unless the '--jsx' flag is provided.
src/components/Dashboard.tsx(226,15): error TS17004: Cannot use JSX unless the '--jsx' flag is provided.
src/components/Dashboard.tsx(229,13): error TS17004: Cannot use JSX unless the '--jsx' flag is provided.
src/components/Dashboard.tsx(230,15): error TS17004: Cannot use JSX unless the '--jsx' flag is provided.
src/components/Dashboard.tsx(234,17): error TS17004: Cannot use JSX unless the '--jsx' flag is provided.
src/components/Dashboard.tsx(235,17): error TS17004: Cannot use JSX unless the '--jsx' flag is provided.
src/components/Dashboard.tsx(238,15): error TS17004: Cannot use JSX unless the '--jsx' flag is provided.
src/components/Dashboard.tsx(240,19): error TS17004: Cannot use JSX unless the '--jsx' flag is provided.
src/components/Dashboard.tsx(241,21): error TS17004: Cannot use JSX unless the '--jsx' flag is provided.
src/components/Dashboard.tsx(245,21): error TS17004: Cannot use JSX unless the '--jsx' flag is provided.
src/components/Dashboard.tsx(252,23): error TS17004: Cannot use JSX unless the '--jsx' flag is provided.
src/components/Dashboard.tsx(253,25): error TS17004: Cannot use JSX unless the '--jsx' flag is provided.
src/components/Dashboard.tsx(254,25): error TS17004: Cannot use JSX unless the '--jsx' flag is provided.
src/components/Dashboard.tsx(257,23): error TS17004: Cannot use JSX unless the '--jsx' flag is provided.
src/components/Dashboard.tsx(259,27): error TS17004: Cannot use JSX unless the '--jsx' flag is provided.
src/components/Dashboard.tsx(260,29): error TS17004: Cannot use JSX unless the '--jsx' flag is provided.
src/components/Dashboard.tsx(261,31): error TS17004: Cannot use JSX unless the '--jsx' flag is provided.
src/components/Dashboard.tsx(263,29): error TS17004: Cannot use JSX unless the '--jsx' flag is provided.
src/components/Dashboard.tsx(264,31): error TS17004: Cannot use JSX unless the '--jsx' flag is provided.
src/components/Dashboard.tsx(265,31): error TS17004: Cannot use JSX unless the '--jsx' flag is provided.
src/components/Dashboard.tsx(266,31): error TS17004: Cannot use JSX unless the '--jsx' flag is provided.
src/components/Dashboard.tsx(268,33): error TS17004: Cannot use JSX unless the '--jsx' flag is provided.
src/components/Dashboard.tsx(271,29): error TS17004: Cannot use JSX unless the '--jsx' flag is provided.
src/components/Dashboard.tsx(272,31): error TS17004: Cannot use JSX unless the '--jsx' flag is provided.
src/components/Dashboard.tsx(279,25): error TS17004: Cannot use JSX unless the '--jsx' flag is provided.
src/components/Dashboard.tsx(280,27): error TS17004: Cannot use JSX unless the '--jsx' flag is provided.
src/components/Dashboard.tsx(281,29): error TS17004: Cannot use JSX unless the '--jsx' flag is provided.
src/components/Dashboard.tsx(283,27): error TS17004: Cannot use JSX unless the '--jsx' flag is provided.
src/components/Dashboard.tsx(292,13): error TS17004: Cannot use JSX unless the '--jsx' flag is provided.
src/components/Dashboard.tsx(293,15): error TS17004: Cannot use JSX unless the '--jsx' flag is provided.
src/components/Dashboard.tsx(297,17): error TS17004: Cannot use JSX unless the '--jsx' flag is provided.
src/components/Dashboard.tsx(300,15): error TS17004: Cannot use JSX unless the '--jsx' flag is provided.
src/components/Dashboard.tsx(302,19): error TS17004: Cannot use JSX unless the '--jsx' flag is provided.
src/components/Dashboard.tsx(303,21): error TS17004: Cannot use JSX unless the '--jsx' flag is provided.
src/components/Dashboard.tsx(307,21): error TS17004: Cannot use JSX unless the '--jsx' flag is provided.
src/components/Dashboard.tsx(314,23): error TS17004: Cannot use JSX unless the '--jsx' flag is provided.
src/components/Dashboard.tsx(315,25): error TS17004: Cannot use JSX unless the '--jsx' flag is provided.
src/components/Dashboard.tsx(322,27): error TS17004: Cannot use JSX unless the '--jsx' flag is provided.
src/components/Dashboard.tsx(323,29): error TS17004: Cannot use JSX unless the '--jsx' flag is provided.
src/components/Dashboard.tsx(325,27): error TS17004: Cannot use JSX unless the '--jsx' flag is provided.
src/components/Dashboard.tsx(328,25): error TS17004: Cannot use JSX unless the '--jsx' flag is provided.
src/components/Dashboard.tsx(335,27): error TS17004: Cannot use JSX unless the '--jsx' flag is provided.
src/components/Dashboard.tsx(336,29): error TS17004: Cannot use JSX unless the '--jsx' flag is provided.
src/components/Dashboard.tsx(338,27): error TS17004: Cannot use JSX unless the '--jsx' flag is provided.
src/components/Dashboard.tsx(341,25): error TS17004: Cannot use JSX unless the '--jsx' flag is provided.
src/components/Dashboard.tsx(342,27): error TS17004: Cannot use JSX unless the '--jsx' flag is provided.
src/components/Dashboard.tsx(343,29): error TS17004: Cannot use JSX unless the '--jsx' flag is provided.
src/components/Dashboard.tsx(345,27): error TS17004: Cannot use JSX unless the '--jsx' flag is provided.
src/components/Dashboard.tsx(348,25): error TS17004: Cannot use JSX unless the '--jsx' flag is provided.
src/components/Dashboard.tsx(349,27): error TS17004: Cannot use JSX unless the '--jsx' flag is provided.
src/components/Dashboard.tsx(350,29): error TS17004: Cannot use JSX unless the '--jsx' flag is provided.
src/components/Dashboard.tsx(352,27): error TS17004: Cannot use JSX unless the '--jsx' flag is provided.
src/components/Dashboard.tsx(361,13): error TS17004: Cannot use JSX unless the '--jsx' flag is provided.
src/components/Dashboard.tsx(363,13): error TS17004: Cannot use JSX unless the '--jsx' flag is provided.
src/components/Dashboard.tsx(364,15): error TS17004: Cannot use JSX unless the '--jsx' flag is provided.
src/components/Dashboard.tsx(368,17): error TS17004: Cannot use JSX unless the '--jsx' flag is provided.
src/components/Dashboard.tsx(370,21): error TS17004: Cannot use JSX unless the '--jsx' flag is provided.
src/components/Dashboard.tsx(375,17): error TS17004: Cannot use JSX unless the '--jsx' flag is provided.
src/components/Dashboard.tsx(376,19): error TS17004: Cannot use JSX unless the '--jsx' flag is provided.
src/components/Dashboard.tsx(377,19): error TS17004: Cannot use JSX unless the '--jsx' flag is provided.
src/components/Dashboard.tsx(381,15): error TS17004: Cannot use JSX unless the '--jsx' flag is provided.
src/components/Dashboard.tsx(383,19): error TS17004: Cannot use JSX unless the '--jsx' flag is provided.
src/components/Dashboard.tsx(384,21): error TS17004: Cannot use JSX unless the '--jsx' flag is provided.
src/components/Dashboard.tsx(388,21): error TS17004: Cannot use JSX unless the '--jsx' flag is provided.
src/components/Dashboard.tsx(396,23): error TS17004: Cannot use JSX unless the '--jsx' flag is provided.
src/components/Dashboard.tsx(397,25): error TS17004: Cannot use JSX unless the '--jsx' flag is provided.
src/components/Dashboard.tsx(398,27): error TS17004: Cannot use JSX unless the '--jsx' flag is provided.
src/components/Dashboard.tsx(402,29): error TS17004: Cannot use JSX unless the '--jsx' flag is provided.
src/components/Dashboard.tsx(407,27): error TS17004: Cannot use JSX unless the '--jsx' flag is provided.
src/components/Dashboard.tsx(411,23): error TS17004: Cannot use JSX unless the '--jsx' flag is provided.
src/components/Dashboard.tsx(413,23): error TS17004: Cannot use JSX unless the '--jsx' flag is provided.
src/components/Dashboard.tsx(420,25): error TS17004: Cannot use JSX unless the '--jsx' flag is provided.
src/components/Dashboard.tsx(421,25): error TS17004: Cannot use JSX unless the '--jsx' flag is provided.
src/components/Dashboard.tsx(424,23): error TS17004: Cannot use JSX unless the '--jsx' flag is provided.
src/components/Dashboard.tsx(431,25): error TS17004: Cannot use JSX unless the '--jsx' flag is provided.
src/components/Dashboard.tsx(432,25): error TS17004: Cannot use JSX unless the '--jsx' flag is provided.
src/components/Dashboard.tsx(435,23): error TS17004: Cannot use JSX unless the '--jsx' flag is provided.
src/components/Dashboard.tsx(437,23): error TS17004: Cannot use JSX unless the '--jsx' flag is provided.
src/components/Dashboard.tsx(444,25): error TS17004: Cannot use JSX unless the '--jsx' flag is provided.
src/components/Dashboard.tsx(445,25): error TS17004: Cannot use JSX unless the '--jsx' flag is provided.
src/components/Dashboard.tsx(448,23): error TS17004: Cannot use JSX unless the '--jsx' flag is provided.
src/components/Dashboard.tsx(450,23): error TS17004: Cannot use JSX unless the '--jsx' flag is provided.
src/components/Dashboard.tsx(454,25): error TS17004: Cannot use JSX unless the '--jsx' flag is provided.
src/components/Dashboard.tsx(455,25): error TS17004: Cannot use JSX unless the '--jsx' flag is provided.
src/components/Dashboard.tsx(466,7): error TS17004: Cannot use JSX unless the '--jsx' flag is provided.
src/components/Dashboard.tsx(468,9): error TS17004: Cannot use JSX unless the '--jsx' flag is provided.
src/components/Dashboard.tsx(469,11): error TS17004: Cannot use JSX unless the '--jsx' flag is provided.
src/components/Dashboard.tsx(474,11): error TS17004: Cannot use JSX unless the '--jsx' flag is provided.
src/components/Dashboard.tsx(476,11): error TS17004: Cannot use JSX unless the '--jsx' flag is provided.
src/components/Dashboard.tsx(477,13): error TS17004: Cannot use JSX unless the '--jsx' flag is provided.
src/components/Dashboard.tsx(481,15): error TS17004: Cannot use JSX unless the '--jsx' flag is provided.
src/components/Dashboard.tsx(482,15): error TS17004: Cannot use JSX unless the '--jsx' flag is provided.
src/components/Dashboard.tsx(483,39): error TS17004: Cannot use JSX unless the '--jsx' flag is provided.
src/components/Dashboard.tsx(485,15): error TS17004: Cannot use JSX unless the '--jsx' flag is provided.
src/components/Dashboard.tsx(493,9): error TS17004: Cannot use JSX unless the '--jsx' flag is provided.
src/components/Dashboard.tsx(494,11): error TS17004: Cannot use JSX unless the '--jsx' flag is provided.
src/components/Dashboard.tsx(495,13): error TS17004: Cannot use JSX unless the '--jsx' flag is provided.
src/components/Dashboard.tsx(496,13): error TS17004: Cannot use JSX unless the '--jsx' flag is provided.
src/components/Dashboard.tsx(501,15): error TS17004: Cannot use JSX unless the '--jsx' flag is provided.
src/components/Dashboard.tsx(505,11): error TS17004: Cannot use JSX unless the '--jsx' flag is provided.
src/components/Dashboard.tsx(507,15): error TS17004: Cannot use JSX unless the '--jsx' flag is provided.
src/components/Dashboard.tsx(515,17): error TS17004: Cannot use JSX unless the '--jsx' flag is provided.
src/components/Dashboard.tsx(516,19): error TS17004: Cannot use JSX unless the '--jsx' flag is provided.
src/components/Dashboard.tsx(517,19): error TS17004: Cannot use JSX unless the '--jsx' flag is provided.
src/components/Dashboard.tsx(521,17): error TS17004: Cannot use JSX unless the '--jsx' flag is provided.
src/components/Dashboard.tsx(522,19): error TS17004: Cannot use JSX unless the '--jsx' flag is provided.
src/components/Dashboard.tsx(523,19): error TS17004: Cannot use JSX unless the '--jsx' flag is provided.
src/components/Dashboard.tsx(527,19): error TS17004: Cannot use JSX unless the '--jsx' flag is provided.
src/components/Dashboard.tsx(528,21): error TS17004: Cannot use JSX unless the '--jsx' flag is provided.
src/components/Dashboard.tsx(529,23): error TS17004: Cannot use JSX unless the '--jsx' flag is provided.
src/components/Dashboard.tsx(532,21): error TS17004: Cannot use JSX unless the '--jsx' flag is provided.
src/components/Dashboard.tsx(533,23): error TS17004: Cannot use JSX unless the '--jsx' flag is provided.
src/components/Dashboard.tsx(538,19): error TS17004: Cannot use JSX unless the '--jsx' flag is provided.
src/components/Dashboard.tsx(539,21): error TS17004: Cannot use JSX unless the '--jsx' flag is provided.
src/components/Dashboard.tsx(553,25): error TS17004: Cannot use JSX unless the '--jsx' flag is provided.
src/components/Dashboard.tsx(576,11): error TS17004: Cannot use JSX unless the '--jsx' flag is provided.
src/components/Dashboard.tsx(577,13): error TS17004: Cannot use JSX unless the '--jsx' flag is provided.
src/components/Dashboard.tsx(587,9): error TS17004: Cannot use JSX unless the '--jsx' flag is provided.
src/components/Dashboard.tsx(588,11): error TS17004: Cannot use JSX unless the '--jsx' flag is provided.
src/components/Dashboard.tsx(590,13): error TS17004: Cannot use JSX unless the '--jsx' flag is provided.
src/components/Dashboard.tsx(591,15): error TS17004: Cannot use JSX unless the '--jsx' flag is provided.
src/components/Dashboard.tsx(592,17): error TS17004: Cannot use JSX unless the '--jsx' flag is provided.
src/components/Dashboard.tsx(603,15): error TS17004: Cannot use JSX unless the '--jsx' flag is provided.
src/components/Dashboard.tsx(604,17): error TS17004: Cannot use JSX unless the '--jsx' flag is provided.
src/components/Dashboard.tsx(605,19): error TS17004: Cannot use JSX unless the '--jsx' flag is provided.
src/components/Dashboard.tsx(610,15): error TS17004: Cannot use JSX unless the '--jsx' flag is provided.
src/components/Dashboard.tsx(611,17): error TS17004: Cannot use JSX unless the '--jsx' flag is provided.
src/components/Dashboard.tsx(615,19): error TS17004: Cannot use JSX unless the '--jsx' flag is provided.
src/components/Dashboard.tsx(617,17): error TS17004: Cannot use JSX unless the '--jsx' flag is provided.
src/components/Dashboard.tsx(621,19): error TS17004: Cannot use JSX unless the '--jsx' flag is provided.
src/components/Dashboard.tsx(626,13): error TS17004: Cannot use JSX unless the '--jsx' flag is provided.
src/components/Dashboard.tsx(627,15): error TS17004: Cannot use JSX unless the '--jsx' flag is provided.
src/components/Dashboard.tsx(628,17): error TS17004: Cannot use JSX unless the '--jsx' flag is provided.
src/components/Dashboard.tsx(635,19): error TS17004: Cannot use JSX unless the '--jsx' flag is provided.
src/components/Dashboard.tsx(636,19): error TS17004: Cannot use JSX unless the '--jsx' flag is provided.
src/components/Dashboard.tsx(642,15): error TS17004: Cannot use JSX unless the '--jsx' flag is provided.
src/components/Dashboard.tsx(643,17): error TS17004: Cannot use JSX unless the '--jsx' flag is provided.
src/components/Dashboard.tsx(647,19): error TS17004: Cannot use JSX unless the '--jsx' flag is provided.
src/components/Dashboard.tsx(649,17): error TS17004: Cannot use JSX unless the '--jsx' flag is provided.
src/components/Dashboard.tsx(651,21): error TS17004: Cannot use JSX unless the '--jsx' flag is provided.
src/components/Dashboard.tsx(660,17): error TS17004: Cannot use JSX unless the '--jsx' flag is provided.
src/components/Dashboard.tsx(664,19): error TS17004: Cannot use JSX unless the '--jsx' flag is provided.
src/components/Dashboard.tsx(670,13): error TS17004: Cannot use JSX unless the '--jsx' flag is provided.
src/components/Dashboard.tsx(673,11): error TS17004: Cannot use JSX unless the '--jsx' flag is provided.
src/components/Dashboard.tsx(674,13): error TS17004: Cannot use JSX unless the '--jsx' flag is provided.
src/components/Dashboard.tsx(675,13): error TS17004: Cannot use JSX unless the '--jsx' flag is provided.
src/components/Dashboard.tsx(676,15): error TS17004: Cannot use JSX unless the '--jsx' flag is provided.
src/components/Dashboard.tsx(677,17): error TS17004: Cannot use JSX unless the '--jsx' flag is provided.
src/components/Dashboard.tsx(678,17): error TS17004: Cannot use JSX unless the '--jsx' flag is provided.
src/components/Dashboard.tsx(690,15): error TS17004: Cannot use JSX unless the '--jsx' flag is provided.
src/components/Dashboard.tsx(691,17): error TS17004: Cannot use JSX unless the '--jsx' flag is provided.
src/components/Dashboard.tsx(694,13): error TS17004: Cannot use JSX unless the '--jsx' flag is provided.
src/components/Dashboard.tsx(696,17): error TS17004: Cannot use JSX unless the '--jsx' flag is provided.
src/components/Dashboard.tsx(699,13): error TS17004: Cannot use JSX unless the '--jsx' flag is provided.
src/components/Dashboard.tsx(709,9): error TS17004: Cannot use JSX unless the '--jsx' flag is provided.
src/components/Dashboard.tsx(710,11): error TS17004: Cannot use JSX unless the '--jsx' flag is provided.
src/components/Dashboard.tsx(711,11): error TS17004: Cannot use JSX unless the '--jsx' flag is provided.
src/components/Dashboard.tsx(713,15): error TS17004: Cannot use JSX unless the '--jsx' flag is provided.
src/components/Dashboard.tsx(724,17): error TS17004: Cannot use JSX unless the '--jsx' flag is provided.
src/components/Dashboard.tsx(725,19): error TS17004: Cannot use JSX unless the '--jsx' flag is provided.
src/components/Dashboard.tsx(726,19): error TS17004: Cannot use JSX unless the '--jsx' flag is provided.
src/components/Dashboard.tsx(727,19): error TS17004: Cannot use JSX unless the '--jsx' flag is provided.
src/components/Dashboard.tsx(728,21): error TS17004: Cannot use JSX unless the '--jsx' flag is provided.
src/components/Dashboard.tsx(733,17): error TS17004: Cannot use JSX unless the '--jsx' flag is provided.
src/components/Dashboard.tsx(734,19): error TS17004: Cannot use JSX unless the '--jsx' flag is provided.
src/components/Dashboard.tsx(735,19): error TS17004: Cannot use JSX unless the '--jsx' flag is provided.
src/components/Dashboard.tsx(743,7): error TS17004: Cannot use JSX unless the '--jsx' flag is provided.
src/components/Dashboard.tsx(756,5): error TS17004: Cannot use JSX unless the '--jsx' flag is provided.
src/components/Dashboard.tsx(757,7): error TS17004: Cannot use JSX unless the '--jsx' flag is provided.
src/components/Dashboard.tsx(761,23): error TS17004: Cannot use JSX unless the '--jsx' flag is provided.
src/components/Dashboard.tsx(763,7): error TS17004: Cannot use JSX unless the '--jsx' flag is provided.
src/components/MyLearning.tsx(24,20): error TS2307: Cannot find module '@/src/lib/utils' or its corresponding type declarations.
src/components/MyLearning.tsx(25,23): error TS6142: Module './BrandLogo' was resolved to 'C:/Users/NUTM Admin/Desktop/latest-paradise-hub/src/components/BrandLogo.tsx', but '--jsx' is not set.
src/components/MyLearning.tsx(26,24): error TS6142: Module './PageFooter' was resolved to 'C:/Users/NUTM Admin/Desktop/latest-paradise-hub/src/components/PageFooter.tsx', but '--jsx' is not set.
src/components/MyLearning.tsx(28,51): error TS2307: Cannot find module '@/src/lib/profileCompletion' or its corresponding type declarations.
src/components/MyLearning.tsx(82,21): error TS1343: The 'import.meta' meta-property is only allowed when the '--module' option is 'es2020', 'es2022', 'esnext', 'system', 'node16', 'node18', or 'nodenext'.
src/components/MyLearning.tsx(82,33): error TS2339: Property 'env' does not exist on type 'ImportMeta'.
src/components/MyLearning.tsx(85,5): error TS17004: Cannot use JSX unless the '--jsx' flag is provided.
src/components/MyLearning.tsx(90,7): error TS17004: Cannot use JSX unless the '--jsx' flag is provided.
src/components/MyLearning.tsx(94,9): error TS17004: Cannot use JSX unless the '--jsx' flag is provided.
src/components/MyLearning.tsx(95,11): error TS17004: Cannot use JSX unless the '--jsx' flag is provided.
src/components/MyLearning.tsx(96,13): error TS17004: Cannot use JSX unless the '--jsx' flag is provided.
src/components/MyLearning.tsx(97,13): error TS17004: Cannot use JSX unless the '--jsx' flag is provided.
src/components/MyLearning.tsx(98,24): error TS17004: Cannot use JSX unless the '--jsx' flag is provided.
src/components/MyLearning.tsx(103,9): error TS17004: Cannot use JSX unless the '--jsx' flag is provided.
src/components/MyLearning.tsx(104,11): error TS17004: Cannot use JSX unless the '--jsx' flag is provided.
src/components/MyLearning.tsx(105,13): error TS17004: Cannot use JSX unless the '--jsx' flag is provided.
src/components/MyLearning.tsx(106,13): error TS17004: Cannot use JSX unless the '--jsx' flag is provided.
src/components/MyLearning.tsx(108,11): error TS17004: Cannot use JSX unless the '--jsx' flag is provided.
src/components/MyLearning.tsx(116,13): error TS17004: Cannot use JSX unless the '--jsx' flag is provided.
src/components/MyLearning.tsx(117,13): error TS17004: Cannot use JSX unless the '--jsx' flag is provided.
src/components/MyLearning.tsx(119,11): error TS17004: Cannot use JSX unless the '--jsx' flag is provided.
src/components/MyLearning.tsx(127,13): error TS17004: Cannot use JSX unless the '--jsx' flag is provided.
src/components/MyLearning.tsx(129,11): error TS17004: Cannot use JSX unless the '--jsx' flag is provided.
src/components/MyLearning.tsx(130,13): error TS17004: Cannot use JSX unless the '--jsx' flag is provided.
src/components/MyLearning.tsx(138,15): error TS17004: Cannot use JSX unless the '--jsx' flag is provided.
src/components/MyLearning.tsx(140,19): error TS17004: Cannot use JSX unless the '--jsx' flag is provided.
src/components/MyLearning.tsx(145,15): error TS17004: Cannot use JSX unless the '--jsx' flag is provided.
src/components/MyLearning.tsx(146,17): error TS17004: Cannot use JSX unless the '--jsx' flag is provided.
src/components/MyLearning.tsx(147,17): error TS17004: Cannot use JSX unless the '--jsx' flag is provided.
src/components/MyLearning.tsx(152,13): error TS17004: Cannot use JSX unless the '--jsx' flag is provided.
src/components/MyLearning.tsx(154,17): error TS17004: Cannot use JSX unless the '--jsx' flag is provided.
src/components/MyLearning.tsx(155,19): error TS17004: Cannot use JSX unless the '--jsx' flag is provided.
src/components/MyLearning.tsx(159,19): error TS17004: Cannot use JSX unless the '--jsx' flag is provided.
src/components/MyLearning.tsx(170,21): error TS17004: Cannot use JSX unless the '--jsx' flag is provided.
src/components/MyLearning.tsx(174,23): error TS17004: Cannot use JSX unless the '--jsx' flag is provided.
src/components/MyLearning.tsx(175,25): error TS17004: Cannot use JSX unless the '--jsx' flag is provided.
src/components/MyLearning.tsx(179,27): error TS17004: Cannot use JSX unless the '--jsx' flag is provided.
src/components/MyLearning.tsx(184,25): error TS17004: Cannot use JSX unless the '--jsx' flag is provided.
src/components/MyLearning.tsx(188,21): error TS17004: Cannot use JSX unless the '--jsx' flag is provided.
src/components/MyLearning.tsx(190,21): error TS17004: Cannot use JSX unless the '--jsx' flag is provided.
src/components/MyLearning.tsx(200,25): error TS17004: Cannot use JSX unless the '--jsx' flag is provided.
src/components/MyLearning.tsx(201,25): error TS17004: Cannot use JSX unless the '--jsx' flag is provided.
src/components/MyLearning.tsx(204,21): error TS17004: Cannot use JSX unless the '--jsx' flag is provided.
src/components/MyLearning.tsx(206,21): error TS17004: Cannot use JSX unless the '--jsx' flag is provided.
src/components/MyLearning.tsx(216,23): error TS17004: Cannot use JSX unless the '--jsx' flag is provided.
src/components/MyLearning.tsx(217,23): error TS17004: Cannot use JSX unless the '--jsx' flag is provided.
src/components/MyLearning.tsx(220,21): error TS17004: Cannot use JSX unless the '--jsx' flag is provided.
src/components/MyLearning.tsx(222,21): error TS17004: Cannot use JSX unless the '--jsx' flag is provided.
src/components/MyLearning.tsx(232,23): error TS17004: Cannot use JSX unless the '--jsx' flag is provided.
src/components/MyLearning.tsx(233,23): error TS17004: Cannot use JSX unless the '--jsx' flag is provided.
src/components/MyLearning.tsx(244,7): error TS17004: Cannot use JSX unless the '--jsx' flag is provided.
src/components/MyLearning.tsx(246,11): error TS17004: Cannot use JSX unless the '--jsx' flag is provided.
src/components/MyLearning.tsx(247,13): error TS17004: Cannot use JSX unless the '--jsx' flag is provided.
src/components/MyLearning.tsx(251,13): error TS17004: Cannot use JSX unless the '--jsx' flag is provided.
src/components/MyLearning.tsx(258,15): error TS17004: Cannot use JSX unless the '--jsx' flag is provided.
src/components/MyLearning.tsx(259,17): error TS17004: Cannot use JSX unless the '--jsx' flag is provided.
src/components/MyLearning.tsx(260,17): error TS17004: Cannot use JSX unless the '--jsx' flag is provided.
src/components/MyLearning.tsx(262,15): error TS17004: Cannot use JSX unless the '--jsx' flag is provided.
src/components/MyLearning.tsx(263,17): error TS17004: Cannot use JSX unless the '--jsx' flag is provided.
src/components/MyLearning.tsx(264,19): error TS17004: Cannot use JSX unless the '--jsx' flag is provided.
src/components/MyLearning.tsx(266,17): error TS17004: Cannot use JSX unless the '--jsx' flag is provided.
src/components/MyLearning.tsx(274,7): error TS17004: Cannot use JSX unless the '--jsx' flag is provided.
src/components/MyLearning.tsx(276,11): error TS17004: Cannot use JSX unless the '--jsx' flag is provided.
src/components/MyLearning.tsx(277,13): error TS17004: Cannot use JSX unless the '--jsx' flag is provided.
src/components/MyLearning.tsx(281,13): error TS17004: Cannot use JSX unless the '--jsx' flag is provided.
src/components/MyLearning.tsx(288,15): error TS17004: Cannot use JSX unless the '--jsx' flag is provided.
src/components/MyLearning.tsx(289,17): error TS17004: Cannot use JSX unless the '--jsx' flag is provided.
src/components/MyLearning.tsx(296,19): error TS17004: Cannot use JSX unless the '--jsx' flag is provided.
src/components/MyLearning.tsx(297,21): error TS17004: Cannot use JSX unless the '--jsx' flag is provided.
src/components/MyLearning.tsx(299,19): error TS17004: Cannot use JSX unless the '--jsx' flag is provided.
src/components/MyLearning.tsx(301,17): error TS17004: Cannot use JSX unless the '--jsx' flag is provided.
src/components/MyLearning.tsx(308,19): error TS17004: Cannot use JSX unless the '--jsx' flag is provided.
src/components/MyLearning.tsx(309,21): error TS17004: Cannot use JSX unless the '--jsx' flag is provided.
src/components/MyLearning.tsx(311,19): error TS17004: Cannot use JSX unless the '--jsx' flag is provided.
src/components/MyLearning.tsx(319,7): error TS17004: Cannot use JSX unless the '--jsx' flag is provided.
src/components/MyLearning.tsx(320,9): error TS17004: Cannot use JSX unless the '--jsx' flag is provided.
src/components/MyLearning.tsx(321,11): error TS17004: Cannot use JSX unless the '--jsx' flag is provided.
src/components/MyLearning.tsx(322,13): error TS17004: Cannot use JSX unless the '--jsx' flag is provided.
src/components/MyLearning.tsx(323,13): error TS17004: Cannot use JSX unless the '--jsx' flag is provided.
src/components/MyLearning.tsx(325,11): error TS17004: Cannot use JSX unless the '--jsx' flag is provided.
src/components/MyLearning.tsx(329,13): error TS17004: Cannot use JSX unless the '--jsx' flag is provided.
src/components/MyLearning.tsx(335,11): error TS17004: Cannot use JSX unless the '--jsx' flag is provided.
src/components/MyLearning.tsx(340,13): error TS17004: Cannot use JSX unless the '--jsx' flag is provided.
src/components/MyLearning.tsx(341,15): error TS17004: Cannot use JSX unless the '--jsx' flag is provided.
src/components/MyLearning.tsx(343,13): error TS17004: Cannot use JSX unless the '--jsx' flag is provided.
src/components/MyLearning.tsx(344,13): error TS17004: Cannot use JSX unless the '--jsx' flag is provided.
src/components/MyLearning.tsx(347,13): error TS17004: Cannot use JSX unless the '--jsx' flag is provided.
src/components/MyLearning.tsx(355,11): error TS17004: Cannot use JSX unless the '--jsx' flag is provided.
src/components/MyLearning.tsx(358,15): error TS17004: Cannot use JSX unless the '--jsx' flag is provided.
src/components/MyLearning.tsx(359,17): error TS17004: Cannot use JSX unless the '--jsx' flag is provided.
src/components/MyLearning.tsx(360,19): error TS17004: Cannot use JSX unless the '--jsx' flag is provided.
src/components/MyLearning.tsx(361,21): error TS17004: Cannot use JSX unless the '--jsx' flag is provided.
src/components/MyLearning.tsx(363,19): error TS17004: Cannot use JSX unless the '--jsx' flag is provided.
src/components/MyLearning.tsx(364,19): error TS17004: Cannot use JSX unless the '--jsx' flag is provided.
src/components/MyLearning.tsx(369,17): error TS17004: Cannot use JSX unless the '--jsx' flag is provided.
src/components/MyLearning.tsx(402,23): error TS17004: Cannot use JSX unless the '--jsx' flag is provided.
src/components/MyLearning.tsx(408,25): error TS17004: Cannot use JSX unless the '--jsx' flag is provided.
src/components/MyLearning.tsx(409,27): error TS17004: Cannot use JSX unless the '--jsx' flag is provided.
src/components/MyLearning.tsx(410,27): error TS17004: Cannot use JSX unless the '--jsx' flag is provided.
src/components/MyLearning.tsx(411,29): error TS17004: Cannot use JSX unless the '--jsx' flag is provided.
src/components/MyLearning.tsx(412,31): error TS17004: Cannot use JSX unless the '--jsx' flag is provided.
src/components/MyLearning.tsx(413,31): error TS17004: Cannot use JSX unless the '--jsx' flag is provided.
src/components/MyLearning.tsx(417,25): error TS17004: Cannot use JSX unless the '--jsx' flag is provided.
src/components/MyLearning.tsx(418,27): error TS17004: Cannot use JSX unless the '--jsx' flag is provided.
src/components/MyLearning.tsx(419,29): error TS17004: Cannot use JSX unless the '--jsx' flag is provided.
src/components/MyLearning.tsx(420,29): error TS17004: Cannot use JSX unless the '--jsx' flag is provided.
src/components/MyLearning.tsx(421,31): error TS17004: Cannot use JSX unless the '--jsx' flag is provided.
src/components/MyLearning.tsx(425,27): error TS17004: Cannot use JSX unless the '--jsx' flag is provided.
src/components/MyLearning.tsx(427,27): error TS17004: Cannot use JSX unless the '--jsx' flag is provided.
src/components/MyLearning.tsx(428,29): error TS17004: Cannot use JSX unless the '--jsx' flag is provided.
src/components/MyLearning.tsx(429,31): error TS17004: Cannot use JSX unless the '--jsx' flag is provided.
src/components/MyLearning.tsx(430,45): error TS17004: Cannot use JSX unless the '--jsx' flag is provided.
src/components/MyLearning.tsx(434,29): error TS17004: Cannot use JSX unless the '--jsx' flag is provided.
src/components/MyLearning.tsx(449,15): error TS17004: Cannot use JSX unless the '--jsx' flag is provided.
src/components/MyLearning.tsx(450,17): error TS17004: Cannot use JSX unless the '--jsx' flag is provided.
src/components/MyLearning.tsx(451,19): error TS17004: Cannot use JSX unless the '--jsx' flag is provided.
src/components/MyLearning.tsx(452,21): error TS17004: Cannot use JSX unless the '--jsx' flag is provided.
src/components/MyLearning.tsx(454,19): error TS17004: Cannot use JSX unless the '--jsx' flag is provided.
src/components/MyLearning.tsx(455,19): error TS17004: Cannot use JSX unless the '--jsx' flag is provided.
src/components/MyLearning.tsx(460,17): error TS17004: Cannot use JSX unless the '--jsx' flag is provided.
src/components/MyLearning.tsx(462,21): error TS17004: Cannot use JSX unless the '--jsx' flag is provided.
src/components/MyLearning.tsx(469,23): error TS17004: Cannot use JSX unless the '--jsx' flag is provided.
src/components/MyLearning.tsx(470,25): error TS17004: Cannot use JSX unless the '--jsx' flag is provided.
src/components/MyLearning.tsx(471,25): error TS17004: Cannot use JSX unless the '--jsx' flag is provided.
src/components/MyLearning.tsx(474,25): error TS17004: Cannot use JSX unless the '--jsx' flag is provided.
src/components/MyLearning.tsx(475,27): error TS17004: Cannot use JSX unless the '--jsx' flag is provided.
src/components/MyLearning.tsx(476,29): error TS17004: Cannot use JSX unless the '--jsx' flag is provided.
src/components/MyLearning.tsx(480,23): error TS17004: Cannot use JSX unless the '--jsx' flag is provided.
src/components/MyLearning.tsx(481,25): error TS17004: Cannot use JSX unless the '--jsx' flag is provided.
src/components/MyLearning.tsx(483,25): error TS17004: Cannot use JSX unless the '--jsx' flag is provided.
src/components/MyLearning.tsx(484,27): error TS17004: Cannot use JSX unless the '--jsx' flag is provided.
src/components/MyLearning.tsx(485,29): error TS17004: Cannot use JSX unless the '--jsx' flag is provided.
src/components/MyLearning.tsx(488,27): error TS17004: Cannot use JSX unless the '--jsx' flag is provided.
src/components/MyLearning.tsx(489,29): error TS17004: Cannot use JSX unless the '--jsx' flag is provided.
src/components/MyLearning.tsx(494,25): error TS17004: Cannot use JSX unless the '--jsx' flag is provided.
src/components/MyLearning.tsx(495,27): error TS17004: Cannot use JSX unless the '--jsx' flag is provided.
src/components/MyLearning.tsx(496,29): error TS17004: Cannot use JSX unless the '--jsx' flag is provided.
src/components/MyLearning.tsx(497,29): error TS17004: Cannot use JSX unless the '--jsx' flag is provided.
src/components/MyLearning.tsx(501,27): error TS17004: Cannot use JSX unless the '--jsx' flag is provided.
src/components/MyLearning.tsx(502,29): error TS17004: Cannot use JSX unless the '--jsx' flag is provided.
src/components/MyLearning.tsx(519,7): error TS17004: Cannot use JSX unless the '--jsx' flag is provided.
src/components/MyLearning.tsx(521,7): error TS17004: Cannot use JSX unless the '--jsx' flag is provided.
src/lib/supabase.ts(3,21): error TS1343: The 'import.meta' meta-property is only allowed when the '--module' option is 'es2020', 'es2022', 'esnext', 'system', 'node16', 'node18', or 'nodenext'.
src/lib/supabase.ts(3,33): error TS2339: Property 'env' does not exist on type 'ImportMeta'.
src/lib/supabase.ts(4,25): error TS1343: The 'import.meta' meta-property is only allowed when the '--module' option is 'es2020', 'es2022', 'esnext', 'system', 'node16', 'node18', or 'nodenext'.
src/lib/supabase.ts(4,37): error TS2339: Property 'env' does not exist on type 'ImportMeta'.
